TakeOrderedAndProject(limit=100, orderBy=[d_year#0 ASC NULLS FIRST,sum_agg#0 DESC NULLS LAST,brand_id#0 ASC NULLS FIRST], output=[d_year#0,brand_id#0,brand#0,sum_agg#0])
+- *HashAggregate(keys=[d_year#0, i_brand#0, i_brand_id#0], functions=[sum(UnscaledValue(ss_net_profit#0))])
   +- Exchange hashpartitioning(d_year#0, i_brand#0, i_brand_id#0, 5)
      +- *HashAggregate(keys=[d_year#0, i_brand#0, i_brand_id#0], functions=[partial_sum(UnscaledValue(ss_net_profit#0))])
         +- *Project [i_brand#0, d_year#0, i_brand_id#0, ss_net_profit#0]
            +- *BroadcastHashJoin [ss_item_sk#0], [i_item_sk#0], Inner, BuildRight
               :- *Project [d_year#0, ss_item_sk#0, ss_net_profit#0]
               :  +- *BroadcastHashJoin [d_date_sk#0], [ss_sold_date_sk#0], Inner, BuildRight
               :     :- *Project [d_date_sk#0, d_year#0]
               :     :  +- *Filter ((((d_moy#0 = 12) && isnotnull(d_date_sk#0)) && (((((((((((((((((((((((((((((((((((((((((((((((((((((((((((((((((((((((((((((((((((((((((((((((((((((((((((((((((((((((((((((((((((((((((((((((((((((((((((((((((((((((((((((((((((((((((((((((((((((((((2451910 >= d_date_sk#0) && (2451880 <= d_date_sk#0)) || ((2415750 >= d_date_sk#0) && (2415720 <= d_date_sk#0))) || ((2434743 >= d_date_sk#0) && (2434713 <= d_date_sk#0))) || ((2424151 >= d_date_sk#0) && (2424121 <= d_date_sk#0))) || ((2456293 >= d_date_sk#0) && (2456263 <= d_date_sk#0))) || ((2430330 <= d_date_sk#0) && (2430360 >= d_date_sk#0))) || ((2443509 >= d_date_sk#0) && (2443479 <= d_date_sk#0))) || ((2486243 >= d_date_sk#0) && (2486213 <= d_date_sk#0))) || ((2432521 <= d_date_sk#0) && (2432551 >= d_date_sk#0))) || ((2479639 <= d_date_sk#0) && (2479669 >= d_date_sk#0))) || ((2456628 <= d_date_sk#0) && (2456658 >= d_date_sk#0))) || ((2457358 <= d_date_sk#0) && (2457388 >= d_date_sk#0))) || ((2460280 <= d_date_sk#0) && (2460310 >= d_date_sk#0))) || ((2462107 <= d_date_sk#0) && (2462137 >= d_date_sk#0))) || ((2451179 >= d_date_sk#0) && (2451149 <= d_date_sk#0))) || ((2465789 >= d_date_sk#0) && (2465759 <= d_date_sk#0))) || ((2461041 >= d_date_sk#0) && (2461011 <= d_date_sk#0))) || ((2432156 <= d_date_sk#0) && (2432186 >= d_date_sk#0))) || ((2442413 >= d_date_sk#0) && (2442383 <= d_date_sk#0))) || ((2474555 >= d_date_sk#0) && (2474525 <= d_date_sk#0))) || ((2424851 <= d_date_sk#0) && (2424881 >= d_date_sk#0))) || ((2451544 >= d_date_sk#0) && (2451514 <= d_date_sk#0))) || ((2419768 >= d_date_sk#0) && (2419738 <= d_date_sk#0))) || ((2461376 <= d_date_sk#0) && (2461406 >= d_date_sk#0))) || ((2422690 >= d_date_sk#0) && (2422660 <= d_date_sk#0))) || ((2484022 <= d_date_sk#0) && (2484052 >= d_date_sk#0))) || ((2416480 >= d_date_sk#0) && (2416450 <= d_date_sk#0))) || ((2467250 >= d_date_sk#0) && (2467220 <= d_date_sk#0))) || ((2487309 <= d_date_sk#0) && (2487339 >= d_date_sk#0))) || ((2420833 <= d_date_sk#0) && (2420863 >= d_date_sk#0))) || ((2422294 <= d_date_sk#0) && (2422324 >= d_date_sk#0))) || ((2445670 <= d_date_sk#0) && (2445700 >= d_date_sk#0))) || ((2453736 >= d_date_sk#0) && (2453706 <= d_date_sk#0))) || ((2429995 >= d_date_sk#0) && (2429965 <= d_date_sk#0))) || ((2417911 <= d_date_sk#0) && (2417941 >= d_date_sk#0))) || ((2450083 >= d_date_sk#0) && (2450053 <= d_date_sk#0))) || ((2436539 <= d_date_sk#0) && (2436569 >= d_date_sk#0))) || ((2463598 >= d_date_sk#0) && (2463568 <= d_date_sk#0))) || ((2433617 <= d_date_sk#0) && (2433647 >= d_date_sk#0))) || ((2458484 >= d_date_sk#0) && (2458454 <= d_date_sk#0))) || ((2482926 <= d_date_sk#0) && (2482956 >= d_date_sk#0))) || ((2475621 <= d_date_sk#0) && (2475651 >= d_date_sk#0))) || ((2487704 >= d_date_sk#0) && (2487674 <= d_date_sk#0))) || ((2461741 <= d_date_sk#0) && (2461771 >= d_date_sk#0))) || ((2470873 <= d_date_sk#0) && (2470903 >= d_date_sk#0))) || ((2473825 >= d_date_sk#0) && (2473795 <= d_date_sk#0))) || ((2486608 >= d_date_sk#0) && (2486578 <= d_date_sk#0))) || ((2475286 >= d_date_sk#0) && (2475256 <= d_date_sk#0))) || ((2429234 <= d_date_sk#0) && (2429264 >= d_date_sk#0))) || ((2476717 <= d_date_sk#0) && (2476747 >= d_date_sk#0))) || ((2449718 >= d_date_sk#0) && (2449688 <= d_date_sk#0))) || ((2479273 <= d_date_sk#0) && (2479303 >= d_date_sk#0))) || ((2418672 >= d_date_sk#0) && (2418642 <= d_date_sk#0))) || ((2427043 <= d_date_sk#0) && (2427073 >= d_date_sk#0))) || ((2433252 <= d_date_sk#0) && (2433282 >= d_date_sk#0))) || ((2478573 >= d_date_sk#0) && (2478543 <= d_date_sk#0))) || ((2447527 >= d_date_sk#0) && (2447497 <= d_date_sk#0))) || ((2450419 <= d_date_sk#0) && (2450449 >= d_date_sk#0))) || ((2417181 <= d_date_sk#0) && (2417211 >= d_date_sk#0))) || ((2484782 >= d_date_sk#0) && (2484752 <= d_date_sk#0))) || ((2418277 <= d_date_sk#0) && (2418307 >= d_date_sk#0))) || ((2469076 >= d_date_sk#0) && (2469046 <= d_date_sk#0))) || ((2425216 <= d_date_sk#0) && (2425246 >= d_date_sk#0))) || ((2440952 >= d_date_sk#0) && (2440922 <= d_date_sk#0))) || ((2478178 <= d_date_sk#0) && (2478208 >= d_date_sk#0))) || ((2442778 >= d_date_sk#0) && (2442748 <= d_date_sk#0))) || ((2443874 >= d_date_sk#0) && (2443844 <= d_date_sk#0))) || ((2444970 >= d_date_sk#0) && (2444940 <= d_date_sk#0))) || ((2467615 >= d_date_sk#0) && (2467585 <= d_date_sk#0))) || ((2470537 >= d_date_sk#0) && (2470507 <= d_date_sk#0))) || ((2458089 <= d_date_sk#0) && (2458119 >= d_date_sk#0))) || ((2459215 >= d_date_sk#0) && (2459185 <= d_date_sk#0))) || ((2482225 >= d_date_sk#0) && (2482195 <= d_date_sk#0))) || ((2423055 >= d_date_sk#0) && (2423025 <= d_date_sk#0))) || ((2483321 >= d_date_sk#0) && (2483291 <= d_date_sk#0))) || ((2427408 <= d_date_sk#0) && (2427438 >= d_date_sk#0))) || ((2435809 <= d_date_sk#0) && (2435839 >= d_date_sk#0))) || ((2468711 >= d_date_sk#0) && (2468681 <= d_date_sk#0))) || ((2454466 >= d_date_sk#0) && (2454436 <= d_date_sk#0))) || ((2416816 <= d_date_sk#0) && (2416846 >= d_date_sk#0))) || ((2455532 <= d_date_sk#0) && (2455562 >= d_date_sk#0))) || ((2480004 <= d_date_sk#0) && (2480034 >= d_date_sk#0))) || ((2436174 <= d_date_sk#0) && (2436204 >= d_date_sk#0))) || ((2466855 <= d_date_sk#0) && (2466885 >= d_date_sk#0))) || ((2465394 <= d_date_sk#0) && (2465424 >= d_date_sk#0))) || ((2439491 >= d_date_sk#0) && (2439461 <= d_date_sk#0))) || ((2455167 <= d_date_sk#0) && (2455197 >= d_date_sk#0))) || ((2473064 <= d_date_sk#0) && (2473094 >= d_date_sk#0))) || ((2481830 <= d_date_sk#0) && (2481860 >= d_date_sk#0))) || ((2448622 >= d_date_sk#0) && (2448592 <= d_date_sk#0))) || ((2477842 >= d_date_sk#0) && (2477812 <= d_date_sk#0))) || ((2473459 >= d_date_sk#0) && (2473429 <= d_date_sk#0))) || ((2452245 <= d_date_sk#0) && (2452275 >= d_date_sk#0))) || ((2441287 <= d_date_sk#0) && (2441317 >= d_date_sk#0))) || ((2429599 <= d_date_sk#0) && (2429629 >= d_date_sk#0))) || ((2431060 <= d_date_sk#0) && (2431090 >= d_date_sk#0))) || ((2466490 <= d_date_sk#0) && (2466520 >= d_date_sk#0))) || ((2419037 >= d_date_sk#0) && (2419007 <= d_date_sk#0))) || ((2446401 <= d_date_sk#0) && (2446431 >= d_date_sk#0))) || ((2484387 <= d_date_sk#0) && (2484417 >= d_date_sk#0))) || ((2438000 <= d_date_sk#0) && (2438030 >= d_date_sk#0))) || ((2421929 <= d_date_sk#0) && (2421959 >= d_date_sk#0))) || ((2440587 >= d_date_sk#0) && (2440557 <= d_date_sk#0))) || ((2483656 <= d_date_sk#0) && (2483686 >= d_date_sk#0))) || ((2471268 >= d_date_sk#0) && (2471238 <= d_date_sk#0))) || ((2455897 <= d_date_sk#0) && (2455927 >= d_date_sk#0))) || ((2435473 >= d_date_sk#0) && (2435443 <= d_date_sk#0))) || ((2420498 >= d_date_sk#0) && (2420468 <= d_date_sk#0))) || ((2454802 <= d_date_sk#0) && (2454832 >= d_date_sk#0))) || ((2469412 <= d_date_sk#0) && (2469442 >= d_date_sk#0))) || ((2481130 >= d_date_sk#0) && (2481100 <= d_date_sk#0))) || ((2421594 >= d_date_sk#0) && (2421564 <= d_date_sk#0))) || ((2439126 >= d_date_sk#0) && (2439096 <= d_date_sk#0))) || ((2441653 <= d_date_sk#0) && (2441683 >= d_date_sk#0))) || ((2444239 >= d_date_sk#0) && (2444209 <= d_date_sk#0))) || ((2424516 >= d_date_sk#0) && (2424486 <= d_date_sk#0))) || ((2420133 >= d_date_sk#0) && (2420103 <= d_date_sk#0))) || ((2477477 >= d_date_sk#0) && (2477447 <= d_date_sk#0))) || ((2448227 <= d_date_sk#0) && (2448257 >= d_date_sk#0))) || ((2443114 <= d_date_sk#0) && (2443144 >= d_date_sk#0))) || ((2488039 <= d_date_sk#0) && (2488069 >= d_date_sk#0))) || ((2471968 <= d_date_sk#0) && (2471998 >= d_date_sk#0))) || ((2477082 <= d_date_sk#0) && (2477112 >= d_date_sk#0))) || ((2428138 <= d_date_sk#0) && (2428168 >= d_date_sk#0))) || ((2427773 <= d_date_sk#0) && (2427803 >= d_date_sk#0))) || ((2472334 <= d_date_sk#0) && (2472364 >= d_date_sk#0))) || ((2428869 <= d_date_sk#0) && (2428899 >= d_date_sk#0))) || ((2480734 <= d_date_sk#0) && (2480764 >= d_date_sk#0))) || ((2475986 <= d_date_sk#0) && (2476016 >= d_date_sk#0))) || ((2431426 <= d_date_sk#0) && (2431456 >= d_date_sk#0))) || ((2442018 <= d_date_sk#0) && (2442048 >= d_date_sk#0))) || ((2426342 >= d_date_sk#0) && (2426312 <= d_date_sk#0))) || ((2457023 >= d_date_sk#0) && (2456993 <= d_date_sk#0))) || ((2474190 >= d_date_sk#0) && (2474160 <= d_date_sk#0))) || ((2448958 <= d_date_sk#0) && (2448988 >= d_date_sk#0))) || ((2485878 >= d_date_sk#0) && (2485848 <= d_date_sk#0))) || ((2468316 <= d_date_sk#0) && (2468346 >= d_date_sk#0))) || ((2459550 <= d_date_sk#0) && (2459580 >= d_date_sk#0))) || ((2419372 <= d_date_sk#0) && (2419402 >= d_date_sk#0))) || ((2466124 <= d_date_sk#0) && (2466154 >= d_date_sk#0))) || ((2462837 <= d_date_sk#0) && (2462867 >= d_date_sk#0))) || ((2423390 <= d_date_sk#0) && (2423420 >= d_date_sk#0))) || ((2425977 >= d_date_sk#0) && (2425947 <= d_date_sk#0))) || ((2445305 <= d_date_sk#0) && (2445335 >= d_date_sk#0))) || ((2470142 <= d_date_sk#0) && (2470172 >= d_date_sk#0))) || ((2444575 <= d_date_sk#0) && (2444605 >= d_date_sk#0))) || ((2425582 <= d_date_sk#0) && (2425612 >= d_date_sk#0))) || ((2485147 >= d_date_sk#0) && (2485117 <= d_date_sk#0))) || ((2476351 <= d_date_sk#0) && (2476381 >= d_date_sk#0))) || ((2417546 <= d_date_sk#0) && (2417576 >= d_date_sk#0))) || ((2421229 >= d_date_sk#0) && (2421199 <= d_date_sk#0))) || ((2464298 <= d_date_sk#0) && (2464328 >= d_date_sk#0))) || ((2463202 <= d_date_sk#0) && (2463232 >= d_date_sk#0))) || ((2464663 <= d_date_sk#0) && (2464693 >= d_date_sk#0))) || ((2440222 >= d_date_sk#0) && (2440192 <= d_date_sk#0))) || ((2463933 <= d_date_sk#0) && (2463963 >= d_date_sk#0))) || ((2446766 <= d_date_sk#0) && (2446796 >= d_date_sk#0))) || ((2435108 >= d_date_sk#0) && (2435078 <= d_date_sk#0))) || ((2486944 <= d_date_sk#0) && (2486974 >= d_date_sk#0))) || ((2459915 <= d_date_sk#0) && (2459945 >= d_date_sk#0))) || ((2465059 >= d_date_sk#0) && (2465029 <= d_date_sk#0))) || ((2458849 >= d_date_sk#0) && (2458819 <= d_date_sk#0))) || ((2434012 >= d_date_sk#0) && (2433982 <= d_date_sk#0))) || ((2457724 <= d_date_sk#0) && (2457754 >= d_date_sk#0))) || ((2438731 <= d_date_sk#0) && (2438761 >= d_date_sk#0))) || ((2447131 <= d_date_sk#0) && (2447161 >= d_date_sk#0))) || ((2449353 >= d_date_sk#0) && (2449323 <= d_date_sk#0))) || ((2437300 >= d_date_sk#0) && (2437270 <= d_date_sk#0))) || ((2432917 >= d_date_sk#0) && (2432887 <= d_date_sk#0))) || ((2474920 >= d_date_sk#0) && (2474890 <= d_date_sk#0))) || ((2415355 <= d_date_sk#0) && (2415385 >= d_date_sk#0))) || ((2482561 <= d_date_sk#0) && (2482591 >= d_date_sk#0))) || ((2454101 >= d_date_sk#0) && (2454071 <= d_date_sk#0))) || ((2437665 >= d_date_sk#0) && (2437635 <= d_date_sk#0))) || ((2434378 >= d_date_sk#0) && (2434348 <= d_date_sk#0))) || ((2416115 >= d_date_sk#0) && (2416085 <= d_date_sk#0))) || ((2481495 >= d_date_sk#0) && (2481465 <= d_date_sk#0))) || ((2472729 >= d_date_sk#0) && (2472699 <= d_date_sk#0))) || ((2436904 <= d_date_sk#0) && (2436934 >= d_date_sk#0))) || ((2431821 >= d_date_sk#0) && (2431791 <= d_date_sk#0))) || ((2430725 >= d_date_sk#0) && (2430695 <= d_date_sk#0))) || ((2462472 <= d_date_sk#0) && (2462502 >= d_date_sk#0))) || ((2469777 <= d_date_sk#0) && (2469807 >= d_date_sk#0))) || ((2480369 <= d_date_sk#0) && (2480399 >= d_date_sk#0))) || ((2471633 >= d_date_sk#0) && (2471603 <= d_date_sk#0))) || ((2452975 <= d_date_sk#0) && (2453005 >= d_date_sk#0))) || ((2426707 >= d_date_sk#0) && (2426677 <= d_date_sk#0))) || ((2453371 >= d_date_sk#0) && (2453341 <= d_date_sk#0))) || ((2452610 <= d_date_sk#0) && (2452640 >= d_date_sk#0))) || ((2460646 <= d_date_sk#0) && (2460676 >= d_date_sk#0))) || ((2478938 >= d_date_sk#0) && (2478908 <= d_date_sk#0))) || ((2423755 <= d_date_sk#0) && (2423785 >= d_date_sk#0))) || ((2438395 >= d_date_sk#0) && (2438365 <= d_date_sk#0))) || ((2450784 <= d_date_sk#0) && (2450814 >= d_date_sk#0))) || ((2446066 >= d_date_sk#0) && (2446036 <= d_date_sk#0))) || ((2485483 <= d_date_sk#0) && (2485513 >= d_date_sk#0))) || ((2428534 >= d_date_sk#0) && (2428504 <= d_date_sk#0))) || ((2467951 <= d_date_sk#0) && (2467981 >= d_date_sk#0))) || ((2447862 <= d_date_sk#0) && (2447892 >= d_date_sk#0))) || ((2439826 <= d_date_sk#0) && (2439856 >= d_date_sk#0)))) && isnotnull(d_moy#0))
               :     :     +- *FileScan parquet default.date_dim[d_date_sk#0,d_year#0,d_moy#0] Batched: true, Format: Parquet, Location: InMemoryFileIndex[<PATH>,d_moy:int>
               :     +- BroadcastExchange HashedRelationBroadcastMode(List(cast(input[0, int, true] as bigint)))
               :        +- *Project [ss_item_sk#0, ss_sold_date_sk#0, ss_net_profit#0]
               :           +- *Filter (((((((((((((((((((((((((((((((((((((((((((((((((((((((((((((((((((((((((((((((((((((((((((((((((((((((((((((((((((((((((((((((((((((((((((((((((((((((((((((((((((((((((((((((((((((((((((((((((((((((((((ss_sold_date_sk#0 >= 2471968) && (ss_sold_date_sk#0 <= 2471998)) || ((ss_sold_date_sk#0 <= 2470903) && (ss_sold_date_sk#0 >= 2470873))) || ((ss_sold_date_sk#0 >= 2469412) && (ss_sold_date_sk#0 <= 2469442))) || ((ss_sold_date_sk#0 >= 2454071) && (ss_sold_date_sk#0 <= 2454101))) || ((ss_sold_date_sk#0 >= 2482195) && (ss_sold_date_sk#0 <= 2482225))) || ((ss_sold_date_sk#0 <= 2484417) && (ss_sold_date_sk#0 >= 2484387))) || ((ss_sold_date_sk#0 >= 2468316) && (ss_sold_date_sk#0 <= 2468346))) || ((ss_sold_date_sk#0 <= 2418672) && (ss_sold_date_sk#0 >= 2418642))) || ((ss_sold_date_sk#0 <= 2433282) && (ss_sold_date_sk#0 >= 2433252))) || ((ss_sold_date_sk#0 <= 2482956) && (ss_sold_date_sk#0 >= 2482926))) || ((ss_sold_date_sk#0 >= 2435809) && (ss_sold_date_sk#0 <= 2435839))) || ((ss_sold_date_sk#0 >= 2417181) && (ss_sold_date_sk#0 <= 2417211))) || ((ss_sold_date_sk#0 <= 2444605) && (ss_sold_date_sk#0 >= 2444575))) || ((ss_sold_date_sk#0 >= 2427773) && (ss_sold_date_sk#0 <= 2427803))) || ((ss_sold_date_sk#0 >= 2472334) && (ss_sold_date_sk#0 <= 2472364))) || ((ss_sold_date_sk#0 >= 2415720) && (ss_sold_date_sk#0 <= 2415750))) || ((ss_sold_date_sk#0 >= 2480369) && (ss_sold_date_sk#0 <= 2480399))) || ((ss_sold_date_sk#0 <= 2431090) && (ss_sold_date_sk#0 >= 2431060))) || ((ss_sold_date_sk#0 <= 2471268) && (ss_sold_date_sk#0 >= 2471238))) || ((ss_sold_date_sk#0 <= 2439126) && (ss_sold_date_sk#0 >= 2439096))) || ((ss_sold_date_sk#0 <= 2486608) && (ss_sold_date_sk#0 >= 2486578))) || ((ss_sold_date_sk#0 <= 2436934) && (ss_sold_date_sk#0 >= 2436904))) || ((ss_sold_date_sk#0 >= 2463933) && (ss_sold_date_sk#0 <= 2463963))) || ((ss_sold_date_sk#0 >= 2463568) && (ss_sold_date_sk#0 <= 2463598))) || ((ss_sold_date_sk#0 <= 2459945) && (ss_sold_date_sk#0 >= 2459915))) || ((ss_sold_date_sk#0 <= 2446066) && (ss_sold_date_sk#0 >= 2446036))) || ((ss_sold_date_sk#0 >= 2443114) && (ss_sold_date_sk#0 <= 2443144))) || ((ss_sold_date_sk#0 >= 2488039) && (ss_sold_date_sk#0 <= 2488069))) || ((ss_sold_date_sk#0 >= 2484752) && (ss_sold_date_sk#0 <= 2484782))) || ((ss_sold_date_sk#0 >= 2451149) && (ss_sold_date_sk#0 <= 2451179))) || ((ss_sold_date_sk#0 >= 2421929) && (ss_sold_date_sk#0 <= 2421959))) || ((ss_sold_date_sk#0 >= 2481465) && (ss_sold_date_sk#0 <= 2481495))) || ((ss_sold_date_sk#0 <= 2425977) && (ss_sold_date_sk#0 >= 2425947))) || ((ss_sold_date_sk#0 <= 2438761) && (ss_sold_date_sk#0 >= 2438731))) || ((ss_sold_date_sk#0 >= 2430330) && (ss_sold_date_sk#0 <= 2430360))) || ((ss_sold_date_sk#0 >= 2438000) && (ss_sold_date_sk#0 <= 2438030))) || ((ss_sold_date_sk#0 <= 2431821) && (ss_sold_date_sk#0 >= 2431791))) || ((ss_sold_date_sk#0 <= 2473459) && (ss_sold_date_sk#0 >= 2473429))) || ((ss_sold_date_sk#0 <= 2424151) && (ss_sold_date_sk#0 >= 2424121))) || ((ss_sold_date_sk#0 <= 2439491) && (ss_sold_date_sk#0 >= 2439461))) || ((ss_sold_date_sk#0 >= 2450784) && (ss_sold_date_sk#0 <= 2450814))) || ((ss_sold_date_sk#0 <= 2474920) && (ss_sold_date_sk#0 >= 2474890))) || ((ss_sold_date_sk#0 <= 2437665) && (ss_sold_date_sk#0 >= 2437635))) || ((ss_sold_date_sk#0 <= 2453371) && (ss_sold_date_sk#0 >= 2453341))) || ((ss_sold_date_sk#0 >= 2439826) && (ss_sold_date_sk#0 <= 2439856))) || ((ss_sold_date_sk#0 <= 2416846) && (ss_sold_date_sk#0 >= 2416816))) || ((ss_sold_date_sk#0 <= 2427073) && (ss_sold_date_sk#0 >= 2427043))) || ((ss_sold_date_sk#0 >= 2485848) && (ss_sold_date_sk#0 <= 2485878))) || ((ss_sold_date_sk#0 >= 2480004) && (ss_sold_date_sk#0 <= 2480034))) || ((ss_sold_date_sk#0 >= 2428138) && (ss_sold_date_sk#0 <= 2428168))) || ((ss_sold_date_sk#0 >= 2445670) && (ss_sold_date_sk#0 <= 2445700))) || ((ss_sold_date_sk#0 >= 2458089) && (ss_sold_date_sk#0 <= 2458119))) || ((ss_sold_date_sk#0 <= 2478938) && (ss_sold_date_sk#0 >= 2478908))) || ((ss_sold_date_sk#0 <= 2440952) && (ss_sold_date_sk#0 >= 2440922))) || ((ss_sold_date_sk#0 >= 2458454) && (ss_sold_date_sk#0 <= 2458484))) || ((ss_sold_date_sk#0 >= 2444940) && (ss_sold_date_sk#0 <= 2444970))) || ((ss_sold_date_sk#0 >= 2467585) && (ss_sold_date_sk#0 <= 2467615))) || ((ss_sold_date_sk#0 >= 2462107) && (ss_sold_date_sk#0 <= 2462137))) || ((ss_sold_date_sk#0 >= 2425582) && (ss_sold_date_sk#0 <= 2425612))) || ((ss_sold_date_sk#0 <= 2436204) && (ss_sold_date_sk#0 >= 2436174))) || ((ss_sold_date_sk#0 >= 2481830) && (ss_sold_date_sk#0 <= 2481860))) || ((ss_sold_date_sk#0 <= 2418307) && (ss_sold_date_sk#0 >= 2418277))) || ((ss_sold_date_sk#0 >= 2450419) && (ss_sold_date_sk#0 <= 2450449))) || ((ss_sold_date_sk#0 >= 2462472) && (ss_sold_date_sk#0 <= 2462502))) || ((ss_sold_date_sk#0 >= 2485483) && (ss_sold_date_sk#0 <= 2485513))) || ((ss_sold_date_sk#0 >= 2461741) && (ss_sold_date_sk#0 <= 2461771))) || ((ss_sold_date_sk#0 >= 2432156) && (ss_sold_date_sk#0 <= 2432186))) || ((ss_sold_date_sk#0 <= 2415385) && (ss_sold_date_sk#0 >= 2415355))) || ((ss_sold_date_sk#0 >= 2419007) && (ss_sold_date_sk#0 <= 2419037))) || ((ss_sold_date_sk#0 >= 2468681) && (ss_sold_date_sk#0 <= 2468711))) || ((ss_sold_date_sk#0 <= 2442413) && (ss_sold_date_sk#0 >= 2442383))) || ((ss_sold_date_sk#0 <= 2471633) && (ss_sold_date_sk#0 >= 2471603))) || ((ss_sold_date_sk#0 <= 2459215) && (ss_sold_date_sk#0 >= 2459185))) || ((ss_sold_date_sk#0 <= 2457023) && (ss_sold_date_sk#0 >= 2456993))) || ((ss_sold_date_sk#0 >= 2452610) && (ss_sold_date_sk#0 <= 2452640))) || ((ss_sold_date_sk#0 <= 2479303) && (ss_sold_date_sk#0 >= 2479273))) || ((ss_sold_date_sk#0 >= 2476351) && (ss_sold_date_sk#0 <= 2476381))) || ((ss_sold_date_sk#0 >= 2459550) && (ss_sold_date_sk#0 <= 2459580))) || ((ss_sold_date_sk#0 >= 2470507) && (ss_sold_date_sk#0 <= 2470537))) || ((ss_sold_date_sk#0 >= 2474525) && (ss_sold_date_sk#0 <= 2474555))) || ((ss_sold_date_sk#0 <= 2480764) && (ss_sold_date_sk#0 >= 2480734))) || ((ss_sold_date_sk#0 >= 2441287) && (ss_sold_date_sk#0 <= 2441317))) || ((ss_sold_date_sk#0 >= 2486213) && (ss_sold_date_sk#0 <= 2486243))) || ((ss_sold_date_sk#0 <= 2426707) && (ss_sold_date_sk#0 >= 2426677))) || ((ss_sold_date_sk#0 >= 2478178) && (ss_sold_date_sk#0 <= 2478208))) || ((ss_sold_date_sk#0 <= 2476747) && (ss_sold_date_sk#0 >= 2476717))) || ((ss_sold_date_sk#0 >= 2470142) && (ss_sold_date_sk#0 <= 2470172))) || ((ss_sold_date_sk#0 >= 2447862) && (ss_sold_date_sk#0 <= 2447892))) || ((ss_sold_date_sk#0 >= 2467951) && (ss_sold_date_sk#0 <= 2467981))) || ((ss_sold_date_sk#0 >= 2423025) && (ss_sold_date_sk#0 <= 2423055))) || ((ss_sold_date_sk#0 >= 2429599) && (ss_sold_date_sk#0 <= 2429629))) || ((ss_sold_date_sk#0 <= 2458849) && (ss_sold_date_sk#0 >= 2458819))) || ((ss_sold_date_sk#0 <= 2484052) && (ss_sold_date_sk#0 >= 2484022))) || ((ss_sold_date_sk#0 <= 2444239) && (ss_sold_date_sk#0 >= 2444209))) || ((ss_sold_date_sk#0 <= 2430725) && (ss_sold_date_sk#0 >= 2430695))) || ((ss_sold_date_sk#0 <= 2483686) && (ss_sold_date_sk#0 >= 2483656))) || ((ss_sold_date_sk#0 <= 2429995) && (ss_sold_date_sk#0 >= 2429965))) || ((ss_sold_date_sk#0 >= 2450053) && (ss_sold_date_sk#0 <= 2450083))) || ((ss_sold_date_sk#0 >= 2435443) && (ss_sold_date_sk#0 <= 2435473))) || ((ss_sold_date_sk#0 <= 2437300) && (ss_sold_date_sk#0 >= 2437270))) || ((ss_sold_date_sk#0 >= 2445305) && (ss_sold_date_sk#0 <= 2445335))) || ((ss_sold_date_sk#0 <= 2469076) && (ss_sold_date_sk#0 >= 2469046))) || ((ss_sold_date_sk#0 <= 2442778) && (ss_sold_date_sk#0 >= 2442748))) || ((ss_sold_date_sk#0 >= 2432521) && (ss_sold_date_sk#0 <= 2432551))) || ((ss_sold_date_sk#0 >= 2469777) && (ss_sold_date_sk#0 <= 2469807))) || ((ss_sold_date_sk#0 >= 2447497) && (ss_sold_date_sk#0 <= 2447527))) || ((ss_sold_date_sk#0 >= 2482561) && (ss_sold_date_sk#0 <= 2482591))) || ((ss_sold_date_sk#0 <= 2454832) && (ss_sold_date_sk#0 >= 2454802))) || ((ss_sold_date_sk#0 <= 2420498) && (ss_sold_date_sk#0 >= 2420468))) || ((ss_sold_date_sk#0 >= 2422660) && (ss_sold_date_sk#0 <= 2422690))) || ((ss_sold_date_sk#0 >= 2438365) && (ss_sold_date_sk#0 <= 2438395))) || ((ss_sold_date_sk#0 >= 2461011) && (ss_sold_date_sk#0 <= 2461041))) || ((ss_sold_date_sk#0 <= 2416480) && (ss_sold_date_sk#0 >= 2416450))) || ((ss_sold_date_sk#0 >= 2416085) && (ss_sold_date_sk#0 <= 2416115))) || ((ss_sold_date_sk#0 <= 2428899) && (ss_sold_date_sk#0 >= 2428869))) || ((ss_sold_date_sk#0 <= 2420863) && (ss_sold_date_sk#0 >= 2420833))) || ((ss_sold_date_sk#0 >= 2434713) && (ss_sold_date_sk#0 <= 2434743))) || ((ss_sold_date_sk#0 <= 2466885) && (ss_sold_date_sk#0 >= 2466855))) || ((ss_sold_date_sk#0 >= 2479639) && (ss_sold_date_sk#0 <= 2479669))) || ((ss_sold_date_sk#0 >= 2424486) && (ss_sold_date_sk#0 <= 2424516))) || ((ss_sold_date_sk#0 <= 2440587) && (ss_sold_date_sk#0 >= 2440557))) || ((ss_sold_date_sk#0 <= 2477842) && (ss_sold_date_sk#0 >= 2477812))) || ((ss_sold_date_sk#0 <= 2446431) && (ss_sold_date_sk#0 >= 2446401))) || ((ss_sold_date_sk#0 >= 2452975) && (ss_sold_date_sk#0 <= 2453005))) || ((ss_sold_date_sk#0 <= 2422324) && (ss_sold_date_sk#0 >= 2422294))) || ((ss_sold_date_sk#0 <= 2455197) && (ss_sold_date_sk#0 >= 2455167))) || ((ss_sold_date_sk#0 <= 2427438) && (ss_sold_date_sk#0 >= 2427408))) || ((ss_sold_date_sk#0 <= 2421229) && (ss_sold_date_sk#0 >= 2421199))) || ((ss_sold_date_sk#0 <= 2451544) && (ss_sold_date_sk#0 >= 2451514))) || ((ss_sold_date_sk#0 >= 2421564) && (ss_sold_date_sk#0 <= 2421594))) || ((ss_sold_date_sk#0 <= 2477477) && (ss_sold_date_sk#0 >= 2477447))) || ((ss_sold_date_sk#0 <= 2475651) && (ss_sold_date_sk#0 >= 2475621))) || ((ss_sold_date_sk#0 >= 2446766) && (ss_sold_date_sk#0 <= 2446796))) || ((ss_sold_date_sk#0 >= 2465394) && (ss_sold_date_sk#0 <= 2465424))) || ((ss_sold_date_sk#0 >= 2440192) && (ss_sold_date_sk#0 <= 2440222))) || ((ss_sold_date_sk#0 >= 2460646) && (ss_sold_date_sk#0 <= 2460676))) || ((ss_sold_date_sk#0 <= 2485147) && (ss_sold_date_sk#0 >= 2485117))) || ((ss_sold_date_sk#0 <= 2424881) && (ss_sold_date_sk#0 >= 2424851))) || ((ss_sold_date_sk#0 >= 2453706) && (ss_sold_date_sk#0 <= 2453736))) || ((ss_sold_date_sk#0 <= 2465059) && (ss_sold_date_sk#0 >= 2465029))) || ((ss_sold_date_sk#0 >= 2428504) && (ss_sold_date_sk#0 <= 2428534))) || ((ss_sold_date_sk#0 >= 2435078) && (ss_sold_date_sk#0 <= 2435108))) || ((ss_sold_date_sk#0 >= 2417911) && (ss_sold_date_sk#0 <= 2417941))) || ((ss_sold_date_sk#0 <= 2419402) && (ss_sold_date_sk#0 >= 2419372))) || ((ss_sold_date_sk#0 <= 2481130) && (ss_sold_date_sk#0 >= 2481100))) || ((ss_sold_date_sk#0 <= 2449353) && (ss_sold_date_sk#0 >= 2449323))) || ((ss_sold_date_sk#0 >= 2472699) && (ss_sold_date_sk#0 <= 2472729))) || ((ss_sold_date_sk#0 >= 2474160) && (ss_sold_date_sk#0 <= 2474190))) || ((ss_sold_date_sk#0 <= 2455562) && (ss_sold_date_sk#0 >= 2455532))) || ((ss_sold_date_sk#0 <= 2477112) && (ss_sold_date_sk#0 >= 2477082))) || ((ss_sold_date_sk#0 <= 2454466) && (ss_sold_date_sk#0 >= 2454436))) || ((ss_sold_date_sk#0 <= 2451910) && (ss_sold_date_sk#0 >= 2451880))) || ((ss_sold_date_sk#0 >= 2432887) && (ss_sold_date_sk#0 <= 2432917))) || ((ss_sold_date_sk#0 <= 2443874) && (ss_sold_date_sk#0 >= 2443844))) || ((ss_sold_date_sk#0 <= 2473094) && (ss_sold_date_sk#0 >= 2473064))) || ((ss_sold_date_sk#0 >= 2457358) && (ss_sold_date_sk#0 <= 2457388))) || ((ss_sold_date_sk#0 <= 2425246) && (ss_sold_date_sk#0 >= 2425216))) || ((ss_sold_date_sk#0 <= 2486974) && (ss_sold_date_sk#0 >= 2486944))) || ((ss_sold_date_sk#0 >= 2448227) && (ss_sold_date_sk#0 <= 2448257))) || ((ss_sold_date_sk#0 <= 2478573) && (ss_sold_date_sk#0 >= 2478543))) || ((ss_sold_date_sk#0 <= 2423785) && (ss_sold_date_sk#0 >= 2423755))) || ((ss_sold_date_sk#0 >= 2467220) && (ss_sold_date_sk#0 <= 2467250))) || ((ss_sold_date_sk#0 <= 2455927) && (ss_sold_date_sk#0 >= 2455897))) || ((ss_sold_date_sk#0 <= 2448988) && (ss_sold_date_sk#0 >= 2448958))) || ((ss_sold_date_sk#0 <= 2419768) && (ss_sold_date_sk#0 >= 2419738))) || ((ss_sold_date_sk#0 >= 2429234) && (ss_sold_date_sk#0 <= 2429264))) || ((ss_sold_date_sk#0 <= 2473825) && (ss_sold_date_sk#0 >= 2473795))) || ((ss_sold_date_sk#0 >= 2461376) && (ss_sold_date_sk#0 <= 2461406))) || ((ss_sold_date_sk#0 <= 2436569) && (ss_sold_date_sk#0 >= 2436539))) || ((ss_sold_date_sk#0 <= 2476016) && (ss_sold_date_sk#0 >= 2475986))) || ((ss_sold_date_sk#0 >= 2433982) && (ss_sold_date_sk#0 <= 2434012))) || ((ss_sold_date_sk#0 >= 2441653) && (ss_sold_date_sk#0 <= 2441683))) || ((ss_sold_date_sk#0 <= 2417576) && (ss_sold_date_sk#0 >= 2417546))) || ((ss_sold_date_sk#0 <= 2456293) && (ss_sold_date_sk#0 >= 2456263))) || ((ss_sold_date_sk#0 >= 2448592) && (ss_sold_date_sk#0 <= 2448622))) || ((ss_sold_date_sk#0 >= 2443479) && (ss_sold_date_sk#0 <= 2443509))) || ((ss_sold_date_sk#0 <= 2457754) && (ss_sold_date_sk#0 >= 2457724))) || ((ss_sold_date_sk#0 <= 2464328) && (ss_sold_date_sk#0 >= 2464298))) || ((ss_sold_date_sk#0 <= 2466154) && (ss_sold_date_sk#0 >= 2466124))) || ((ss_sold_date_sk#0 >= 2462837) && (ss_sold_date_sk#0 <= 2462867))) || ((ss_sold_date_sk#0 >= 2449688) && (ss_sold_date_sk#0 <= 2449718))) || ((ss_sold_date_sk#0 >= 2423390) && (ss_sold_date_sk#0 <= 2423420))) || ((ss_sold_date_sk#0 >= 2460280) && (ss_sold_date_sk#0 <= 2460310))) || ((ss_sold_date_sk#0 <= 2452275) && (ss_sold_date_sk#0 >= 2452245))) || ((ss_sold_date_sk#0 <= 2456658) && (ss_sold_date_sk#0 >= 2456628))) || ((ss_sold_date_sk#0 >= 2420103) && (ss_sold_date_sk#0 <= 2420133))) || ((ss_sold_date_sk#0 <= 2431456) && (ss_sold_date_sk#0 >= 2431426))) || ((ss_sold_date_sk#0 >= 2434348) && (ss_sold_date_sk#0 <= 2434378))) || ((ss_sold_date_sk#0 >= 2475256) && (ss_sold_date_sk#0 <= 2475286))) || ((ss_sold_date_sk#0 >= 2433617) && (ss_sold_date_sk#0 <= 2433647))) || ((ss_sold_date_sk#0 <= 2464693) && (ss_sold_date_sk#0 >= 2464663))) || ((ss_sold_date_sk#0 <= 2465789) && (ss_sold_date_sk#0 >= 2465759))) || ((ss_sold_date_sk#0 >= 2463202) && (ss_sold_date_sk#0 <= 2463232))) || ((ss_sold_date_sk#0 <= 2442048) && (ss_sold_date_sk#0 >= 2442018))) || ((ss_sold_date_sk#0 <= 2466520) && (ss_sold_date_sk#0 >= 2466490))) || ((ss_sold_date_sk#0 <= 2487704) && (ss_sold_date_sk#0 >= 2487674))) || ((ss_sold_date_sk#0 <= 2426342) && (ss_sold_date_sk#0 >= 2426312))) || ((ss_sold_date_sk#0 >= 2487309) && (ss_sold_date_sk#0 <= 2487339))) || ((ss_sold_date_sk#0 <= 2447161) && (ss_sold_date_sk#0 >= 2447131))) || ((ss_sold_date_sk#0 >= 2483291) && (ss_sold_date_sk#0 <= 2483321))) && isnotnull(ss_item_sk#0)) && isnotnull(ss_sold_date_sk#0))
               :              +- *FileScan parquet default.store_sales[ss_sold_date_sk#0,ss_item_sk#0,ss_net_profit#0] Batched: true, Format: Parquet, Location: InMemoryFileIndex[<PATH>,2)>
               +- BroadcastExchange HashedRelationBroadcastMode(List(cast(input[0, int, true] as bigint)))
                  +- *Project [i_brand#0, i_item_sk#0, i_brand_id#0]
                     +- *Filter ((isnotnull(i_manufact_id#0) && isnotnull(i_item_sk#0)) && (436 = i_manufact_id#0))
                        +- *FileScan parquet default.item[i_item_sk#0,i_brand_id#0,i_brand#0,i_manufact_id#0] Batched: true, Format: Parquet, Location: InMemoryFileIndex[<PATH>,i_manufact_id:int>
