-- Automatically generated by SQLQueryTestSuite
-- Number of queries: 6


-- !query
SELECT * FROM (SELECT * FROM global_temp.testdata) AS t WHERE key = 1
-- !query schema
struct<key:int,value:string>
-- !query output
1	1


-- !query
FROM (SELECT * FROM global_temp.testdata WHERE key = 1) AS t SELECT *
-- !query schema
struct<key:int,value:string>
-- !query output
1	1


-- !query
SELECT * FROM (SELECT * FROM global_temp.testdata) t WHERE key = 1
-- !query schema
struct<key:int,value:string>
-- !query output
1	1


-- !query
FROM (SELECT * FROM global_temp.testdata WHERE key = 1) t SELECT *
-- !query schema
struct<key:int,value:string>
-- !query output
1	1


-- !query
SELECT * FROM (SELECT * FROM global_temp.testdata) WHERE key = 1
-- !query schema
struct<key:int,value:string>
-- !query output
1	1


-- !query
FROM (SELECT * FROM global_temp.testdata WHERE key = 1) SELECT *
-- !query schema
struct<key:int,value:string>
-- !query output
1	1
