-- Automatically generated by SQLQueryTestSuite
-- Number of queries: 5


-- !query 0
select max(min(unique1)) from tenk1
-- !query 0 schema
struct<>
-- !query 0 output
org.apache.spark.sql.AnalysisException
It is not allowed to use an aggregate function in the argument of another aggregate function. Please use the inner aggregate function in a sub-query.;


-- !query 1
select min(unique1) filter (where unique1 > 100) from tenk1
-- !query 1 schema
struct<min(unique1):int>
-- !query 1 output
101


-- !query 2
select sum(1/ten) filter (where ten > 0) from tenk1
-- !query 2 schema
struct<sum((1 div ten)):bigint>
-- !query 2 output
1000


-- !query 3
select ten, sum(distinct four) filter (where four > 10) from onek a
group by ten
having exists (select 1 from onek b where sum(distinct a.four) = b.four)
-- !query 3 schema
struct<ten:int,sum(DISTINCT four):bigint>
-- !query 3 output
0	2
2	2
4	2
6	2
8	2


-- !query 4
select (select count(*)
        from (values (1)) t0(inner_c))
from (values (2),(3)) t1(outer_c)
-- !query 4 schema
struct<scalarsubquery():bigint>
-- !query 4 output
1
1
