*HashAggregate(keys=[], functions=[sum(cast((lo_extendedprice#0 * lo_discount#0) as bigint))])
+- Exchange SinglePartition
   +- *HashAggregate(keys=[], functions=[partial_sum(cast((lo_extendedprice#0 * lo_discount#0) as bigint))])
      +- *Project [lo_discount#0, lo_extendedprice#0]
         +- *BroadcastHashJoin [lo_orderdate#0], [d_datekey#0], Inner, BuildRight
            :- *Project [lo_discount#0, lo_extendedprice#0, lo_orderdate#0]
            :  +- *Filter (((((isnotnull(lo_discount#0) && (lo_quantity#0 < 25)) && isnotnull(lo_orderdate#0)) && (lo_discount#0 <= 3)) && isnotnull(lo_quantity#0)) && (lo_discount#0 >= 1))
            :     +- *FileScan parquet default.lineorder[lo_orderdate#0,lo_quantity#0,lo_extendedprice#0,lo_discount#0] Batched: true, Format: Parquet, Location: InMemoryFileIndex[<PATH>,lo_discount:int>
            +- BroadcastExchange HashedRelationBroadcastMode(List(cast(input[0, int, true] as bigint)))
               +- *Project [d_datekey#0]
                  +- *Filter ((isnotnull(d_datekey#0) && isnotnull(d_year#0)) && (1993 = d_year#0))
                     +- *FileScan parquet default.date[d_datekey#0,d_year#0] Batched: true, Format: Parquet, Location: InMemoryFileIndex[<PATH>,d_year:int>
