*Sort [d_year#0 ASC NULLS FIRST, revenue#0L DESC NULLS LAST], true, 0
+- Exchange rangepartitioning(d_year#0 ASC NULLS FIRST, revenue#0L DESC NULLS LAST, 5)
   +- *HashAggregate(keys=[c_nation#0, s_nation#0, d_year#0], functions=[sum(cast(lo_revenue#0 as bigint))])
      +- Exchange hashpartitioning(c_nation#0, s_nation#0, d_year#0, 5)
         +- *HashAggregate(keys=[c_nation#0, s_nation#0, d_year#0], functions=[partial_sum(cast(lo_revenue#0 as bigint))])
            +- *Project [d_year#0, s_nation#0, lo_revenue#0, c_nation#0]
               +- *BroadcastHashJoin [lo_orderdate#0], [d_datekey#0], Inner, BuildRight
                  :- *Project [s_nation#0, lo_revenue#0, c_nation#0, lo_orderdate#0]
                  :  +- *BroadcastHashJoin [lo_suppkey#0], [s_suppkey#0], Inner, BuildRight
                  :     :- *Project [lo_suppkey#0, lo_revenue#0, c_nation#0, lo_orderdate#0]
                  :     :  +- *BroadcastHashJoin [c_custkey#0], [lo_custkey#0], Inner, BuildRight
                  :     :     :- *Project [c_custkey#0, c_nation#0]
                  :     :     :  +- *Filter ((isnotnull(c_custkey#0) && (c_region#0 = ASIA)) && isnotnull(c_region#0))
                  :     :     :     +- *FileScan parquet default.customer[c_custkey#0,c_nation#0,c_region#0] Batched: true, Format: Parquet, Location: InMemoryFileIndex[<PATH>,c_region:string>
                  :     :     +- BroadcastExchange HashedRelationBroadcastMode(List(cast(input[0, int, true] as bigint)))
                  :     :        +- *Project [lo_suppkey#0, lo_revenue#0, lo_custkey#0, lo_orderdate#0]
                  :     :           +- *Filter ((isnotnull(lo_orderdate#0) && isnotnull(lo_custkey#0)) && isnotnull(lo_suppkey#0))
                  :     :              +- *FileScan parquet default.lineorder[lo_custkey#0,lo_suppkey#0,lo_orderdate#0,lo_revenue#0] Batched: true, Format: Parquet, Location: InMemoryFileIndex[<PATH>,lo_revenue:int>
                  :     +- BroadcastExchange HashedRelationBroadcastMode(List(cast(input[0, int, true] as bigint)))
                  :        +- *Project [s_nation#0, s_suppkey#0]
                  :           +- *Filter (((ASIA = s_region#0) && isnotnull(s_region#0)) && isnotnull(s_suppkey#0))
                  :              +- *FileScan parquet default.supplier[s_suppkey#0,s_nation#0,s_region#0] Batched: true, Format: Parquet, Location: InMemoryFileIndex[<PATH>,s_region:string>
                  +- BroadcastExchange HashedRelationBroadcastMode(List(cast(input[0, int, true] as bigint)))
                     +- *Project [d_year#0, d_datekey#0]
                        +- *Filter (((isnotnull(d_datekey#0) && isnotnull(d_year#0)) && (1992 <= d_year#0)) && (1997 >= d_year#0))
                           +- *FileScan parquet default.date[d_datekey#0,d_year#0] Batched: true, Format: Parquet, Location: InMemoryFileIndex[<PATH>,d_year:int>
